                                                                                            ⚡ kitty
                            R U' F2 B L' D R' U F B' R2 U2 F' B2 L D2 R                             

                                               21.88                                                

best: 19.12   mean: 21.48   ao5: -   ao12: -   ao100: -

  #3   21.88    L D2 R
  #2   19.12    U F B'
  #1   23.45    R U' F2
